分类: 📺央视频道, 名称: CCTV-1, 有效: 20, IPv4: 205, IPv6: 0, 最小延迟: 526 ms, 最高速率: 1.49 M/s, 平均速率: 0.99 M/s, 最高分辨率: 1920x1080, 平均帧率: 41.88, 视频编解码器: h264, 音频编解码器: mp2
分类: 📺央视频道, 名称: CCTV-2, 有效: 20, IPv4: 199, IPv6: 0, 最小延迟: 446 ms, 最高速率: 1.47 M/s, 平均速率: 0.86 M/s, 最高分辨率: 1920x1080, 平均帧率: 40.71, 视频编解码器: h264, 音频编解码器: mp2
分类: 📺央视频道, 名称: CCTV-3, 有效: 20, IPv4: 200, IPv6: 0, 最小延迟: 1091 ms, 最高速率: 1.47 M/s, 平均速率: 0.90 M/s, 最高分辨率: 1920x1080, 平均帧率: 31.97, 视频编解码器: h264, 音频编解码器: mp2
分类: 📺央视频道, 名称: CCTV-4, 有效: 20, IPv4: 194, IPv6: 0, 最小延迟: 103 ms, 最高速率: 1.40 M/s, 平均速率: 0.91 M/s, 最高分辨率: 1920x1080, 平均帧率: 43.95, 视频编解码器: h264, 音频编解码器: mp2
分类: 📺央视频道, 名称: CCTV-5, 有效: 20, IPv4: 204, IPv6: 0, 最小延迟: 455 ms, 最高速率: 1.57 M/s, 平均速率: 0.83 M/s, 最高分辨率: 1920x1080, 平均帧率: 33.02, 视频编解码器: h264, 音频编解码器: mp2
分类: 📺央视频道, 名称: CCTV-5+, 有效: 18, IPv4: 106, IPv6: 0, 最小延迟: 520 ms, 最高速率: 1.95 M/s, 平均速率: 0.85 M/s, 最高分辨率: 1920x1080, 平均帧率: 40.68, 视频编解码器: h264, 音频编解码器: mp2
分类: 📺央视频道, 名称: CCTV-6, 有效: 20, IPv4: 203, IPv6: 0, 最小延迟: 559 ms, 最高速率: 2.23 M/s, 平均速率: 0.93 M/s, 最高分辨率: 1920x1080, 平均帧率: 32.45, 视频编解码器: h264, 音频编解码器: mp2
分类: 📺央视频道, 名称: CCTV-7, 有效: 20, IPv4: 207, IPv6: 0, 最小延迟: 103 ms, 最高速率: 23.75 M/s, 平均速率: 2.07 M/s, 最高分辨率: 1920x1080, 平均帧率: 42.81, 视频编解码器: h264, 音频编解码器: mp2
分类: 📺央视频道, 名称: CCTV-8, 有效: 20, IPv4: 193, IPv6: 0, 最小延迟: 478 ms, 最高速率: 1.45 M/s, 平均速率: 0.98 M/s, 最高分辨率: 1920x1080, 平均帧率: 30.93, 视频编解码器: h264, 音频编解码器: mp2
分类: 📺央视频道, 名称: CCTV-9, 有效: 20, IPv4: 194, IPv6: 0, 最小延迟: 468 ms, 最高速率: 1.79 M/s, 平均速率: 0.94 M/s, 最高分辨率: 1920x1080, 平均帧率: 43.61, 视频编解码器: h264, 音频编解码器: mp2
分类: 📺央视频道, 名称: CCTV-10, 有效: 20, IPv4: 192, IPv6: 0, 最小延迟: 480 ms, 最高速率: 1.59 M/s, 平均速率: 0.92 M/s, 最高分辨率: 1920x1080, 平均帧率: 40.74, 视频编解码器: h264, 音频编解码器: mp2
分类: 📺央视频道, 名称: CCTV-11, 有效: 17, IPv4: 194, IPv6: 0, 最小延迟: 1087 ms, 最高速率: 1.41 M/s, 平均速率: 0.85 M/s, 最高分辨率: 1920x1080, 平均帧率: 43.98, 视频编解码器: h264, 音频编解码器: mp2
分类: 📺央视频道, 名称: CCTV-12, 有效: 20, IPv4: 195, IPv6: 0, 最小延迟: 437 ms, 最高速率: 1.56 M/s, 平均速率: 0.88 M/s, 最高分辨率: 1920x1080, 平均帧率: 43.19, 视频编解码器: h264, 音频编解码器: mp2
分类: 📺央视频道, 名称: CCTV-13, 有效: 20, IPv4: 186, IPv6: 0, 最小延迟: 1203 ms, 最高速率: 1.69 M/s, 平均速率: 0.85 M/s, 最高分辨率: 1920x1080, 平均帧率: 44.87, 视频编解码器: h264, 音频编解码器: mp2
分类: 📺央视频道, 名称: CCTV-14, 有效: 20, IPv4: 190, IPv6: 0, 最小延迟: 523 ms, 最高速率: 1.78 M/s, 平均速率: 0.92 M/s, 最高分辨率: 1920x1080, 平均帧率: 41.27, 视频编解码器: h264, 音频编解码器: mp2
分类: 📺央视频道, 名称: CCTV-15, 有效: 16, IPv4: 194, IPv6: 0, 最小延迟: 103 ms, 最高速率: 1.61 M/s, 平均速率: 0.93 M/s, 最高分辨率: 1920x1080, 平均帧率: 43.96, 视频编解码器: h264, 音频编解码器: mp2
分类: 📺央视频道, 名称: CCTV-16, 有效: 7, IPv4: 27, IPv6: 0, 最小延迟: 611 ms, 最高速率: 1.91 M/s, 平均速率: 0.99 M/s, 最高分辨率: 1920x1080, 平均帧率: 42.31, 视频编解码器: h264, 音频编解码器: aac
分类: 📺央视频道, 名称: CCTV-4K, 有效: 1, IPv4: 1, IPv6: 0, 最小延迟: 385 ms, 最高速率: 1.00 M/s, 平均速率: 1.00 M/s, 最高分辨率: 1280x720, 平均帧率: 30.00, 视频编解码器: h264, 音频编解码器: aac
分类: 📺央视频道, 名称: CCTV-8K, 有效: 1, IPv4: 1, IPv6: 0, 最小延迟: 371 ms, 最高速率: 1.02 M/s, 平均速率: 1.02 M/s, 最高分辨率: 1280x720, 平均帧率: 30.00, 视频编解码器: h264, 音频编解码器: aac
分类: 📺央视频道, 名称: CCTV-17, 有效: 9, IPv4: 71, IPv6: 0, 最小延迟: 490 ms, 最高速率: 1.56 M/s, 平均速率: 0.90 M/s, 最高分辨率: 1920x1080, 平均帧率: 42.34, 视频编解码器: h264, 音频编解码器: mp2
分类: 📺央视频道, 名称: CETV-3, 有效: 0, IPv4: 1, IPv6: 0, 最小延迟: 657 ms, 最高速率: 4.25 M/s, 平均速率: 0.00 M/s, 最高分辨率: 720x576, 平均帧率: 25.00, 视频编解码器: h264, 音频编解码器: aac
分类: 📺央视频道, 名称: CETV-1, 有效: 3, IPv4: 33, IPv6: 0, 最小延迟: 1478 ms, 最高速率: 1.10 M/s, 平均速率: 0.62 M/s, 最高分辨率: 1920x1080, 平均帧率: 42.50, 视频编解码器: h264, 音频编解码器: mp2
分类: 📺央视频道, 名称: CETV-2, 有效: 0, IPv4: 5, IPv6: 0, 最小延迟: 10310 ms, 最高速率: 0.10 M/s, 平均速率: 0.00 M/s, 最高分辨率: 1920x1080, 平均帧率: 31.25, 视频编解码器: h264, 音频编解码器: mp2
分类: 📺央视频道, 名称: CETV-4, 有效: 0, IPv4: 8, IPv6: 0, 最小延迟: 2295 ms, 最高速率: 0.58 M/s, 平均速率: 0.00 M/s, 最高分辨率: 1920x1080, 平均帧率: 41.67, 视频编解码器: h264, 音频编解码器: aac
分类: 📺央视频道, 名称: 央视台球, 有效: 0, IPv4: 6, IPv6: 0, 最小延迟: 7261 ms, 最高速率: 0.37 M/s, 平均速率: 0.00 M/s, 最高分辨率: 1920x1080, 平均帧率: 25.00, 视频编解码器: h264, 音频编解码器: mp2
分类: 📺央视频道, 名称: 文化精品, 有效: 1, IPv4: 3, IPv6: 0, 最小延迟: 1044 ms, 最高速率: 0.29 M/s, 平均速率: 0.29 M/s, 最高分辨率: 1280x720, 平均帧率: 60.00, 视频编解码器: h264, 音频编解码器: aac
分类: 📺央视频道, 名称: 风云音乐, 有效: 0, IPv4: 11, IPv6: 0, 最小延迟: 1716 ms, 最高速率: 0.28 M/s, 平均速率: 0.00 M/s, 最高分辨率: 1920x1080, 平均帧率: 50.00, 视频编解码器: h264, 音频编解码器: mp2
分类: 📺央视频道, 名称: 第一剧场, 有效: 0, IPv4: 34, IPv6: 0, 最小延迟: 2503 ms, 最高速率: 0.85 M/s, 平均速率: 0.00 M/s, 最高分辨率: 1920x1080, 平均帧率: 36.99, 视频编解码器: h264, 音频编解码器: mp2
分类: 📺央视频道, 名称: 风云剧场, 有效: 1, IPv4: 15, IPv6: 0, 最小延迟: 1318 ms, 最高速率: 0.53 M/s, 平均速率: 0.53 M/s, 最高分辨率: 1920x1080, 平均帧率: 40.00, 视频编解码器: h264, 音频编解码器: mp2
分类: 📺央视频道, 名称: 高尔夫网球, 有效: 0, IPv4: 2, IPv6: 0, 最小延迟: -1 ms, 最高速率: 0.00 M/s, 平均速率: 0.00 M/s, 最高分辨率: None, 平均帧率: 未知, 视频编解码器: 未知, 音频编解码器: 未知
分类: 📺央视频道, 名称: 女性时尚, 有效: 3, IPv4: 5, IPv6: 0, 最小延迟: 8045 ms, 最高速率: 0.80 M/s, 平均速率: 0.71 M/s, 最高分辨率: 1920x1080, 平均帧率: 50.00, 视频编解码器: h264, 音频编解码器: mp2
分类: 📺央视频道, 名称: 怀旧剧场, 有效: 0, IPv4: 16, IPv6: 0, 最小延迟: 2688 ms, 最高速率: 0.32 M/s, 平均速率: 0.00 M/s, 最高分辨率: 1920x1080, 平均帧率: 37.50, 视频编解码器: h264, 音频编解码器: mp2
分类: 📺央视频道, 名称: 电视指南, 有效: 0, IPv4: 7, IPv6: 0, 最小延迟: 10092 ms, 最高速率: 0.09 M/s, 平均速率: 0.00 M/s, 最高分辨率: 1920x1080, 平均帧率: 50.00, 视频编解码器: h264, 音频编解码器: mp2
分类: 📺央视频道, 名称: 风云足球, 有效: 0, IPv4: 14, IPv6: 0, 最小延迟: 1511 ms, 最高速率: 0.34 M/s, 平均速率: 0.00 M/s, 最高分辨率: 1920x1080, 平均帧率: 41.67, 视频编解码器: h264, 音频编解码器: mp2
分类: 📺央视频道, 名称: 兵器科技, 有效: 0, IPv4: 7, IPv6: 0, 最小延迟: 5320 ms, 最高速率: 0.40 M/s, 平均速率: 0.00 M/s, 最高分辨率: 1920x1080, 平均帧率: 37.50, 视频编解码器: h264, 音频编解码器: mp2
分类: 📺央视频道, 名称: 世界地理, 有效: 0, IPv4: 9, IPv6: 0, 最小延迟: 10237 ms, 最高速率: 0.40 M/s, 平均速率: 0.00 M/s, 最高分辨率: 1920x1080, 平均帧率: 50.00, 视频编解码器: h264, 音频编解码器: mp2
分类: 📺央视频道, 名称: CCTV卫生健康, 有效: 1, IPv4: 3, IPv6: 0, 最小延迟: 457 ms, 最高速率: 1.13 M/s, 平均速率: 1.13 M/s, 最高分辨率: 1280x720, 平均帧率: 60.00, 视频编解码器: h264, 音频编解码器: aac
分类: 📺央视频道, 名称: CGTN英语, 有效: 0, IPv4: 1, IPv6: 0, 最小延迟: -1 ms, 最高速率: 0.00 M/s, 平均速率: 0.00 M/s, 最高分辨率: None, 平均帧率: 未知, 视频编解码器: 未知, 音频编解码器: 未知
分类: 📺央视频道, 名称: CGTN俄语, 有效: 0, IPv4: 1, IPv6: 0, 最小延迟: 3305 ms, 最高速率: 0.44 M/s, 平均速率: 0.00 M/s, 最高分辨率: 720x576, 平均帧率: 25.00, 视频编解码器: h264, 音频编解码器: aac
分类: 📺央视频道, 名称: CGTN, 有效: 0, IPv4: 23, IPv6: 0, 最小延迟: 1208 ms, 最高速率: 0.49 M/s, 平均速率: 0.00 M/s, 最高分辨率: 1920x1080, 平均帧率: 30.00, 视频编解码器: h264, 音频编解码器: mp2
分类: 📡卫视频道, 名称: 浙江卫视, 有效: 20, IPv4: 181, IPv6: 0, 最小延迟: 102 ms, 最高速率: 8.31 M/s, 平均速率: 1.18 M/s, 最高分辨率: 1920x1080, 平均帧率: 37.30, 视频编解码器: h264, 音频编解码器: mp2
分类: 📡卫视频道, 名称: 东方卫视, 有效: 20, IPv4: 176, IPv6: 0, 最小延迟: 104 ms, 最高速率: 7.64 M/s, 平均速率: 1.20 M/s, 最高分辨率: 1920x1080, 平均帧率: 36.34, 视频编解码器: h264, 音频编解码器: mp2
分类: 📡卫视频道, 名称: 湖南卫视, 有效: 20, IPv4: 173, IPv6: 0, 最小延迟: 516 ms, 最高速率: 1.48 M/s, 平均速率: 0.83 M/s, 最高分辨率: 1920x1080, 平均帧率: 40.13, 视频编解码器: h264, 音频编解码器: mp2
分类: 📡卫视频道, 名称: 北京卫视, 有效: 20, IPv4: 178, IPv6: 0, 最小延迟: 1036 ms, 最高速率: 1.41 M/s, 平均速率: 0.86 M/s, 最高分辨率: 1920x1080, 平均帧率: 39.80, 视频编解码器: h264, 音频编解码器: mp2
分类: 📡卫视频道, 名称: 江苏卫视, 有效: 20, IPv4: 176, IPv6: 0, 最小延迟: 428 ms, 最高速率: 1.20 M/s, 平均速率: 0.83 M/s, 最高分辨率: 1920x1080, 平均帧率: 38.57, 视频编解码器: h264, 音频编解码器: mp2
分类: 📡卫视频道, 名称: 江西卫视, 有效: 18, IPv4: 162, IPv6: 0, 最小延迟: 1181 ms, 最高速率: 1.29 M/s, 平均速率: 0.77 M/s, 最高分辨率: 1920x1080, 平均帧率: 38.07, 视频编解码器: h264, 音频编解码器: mp2
分类: 📡卫视频道, 名称: 吉林卫视, 有效: 6, IPv4: 112, IPv6: 0, 最小延迟: 1086 ms, 最高速率: 1.54 M/s, 平均速率: 0.96 M/s, 最高分辨率: 1920x1080, 平均帧率: 42.00, 视频编解码器: h264, 音频编解码器: mp2
分类: 📡卫视频道, 名称: 湖北卫视, 有效: 20, IPv4: 171, IPv6: 0, 最小延迟: 484 ms, 最高速率: 1.58 M/s, 平均速率: 0.81 M/s, 最高分辨率: 1920x1080, 平均帧率: 36.92, 视频编解码器: h264, 音频编解码器: mp2
分类: 📡卫视频道, 名称: 深圳卫视, 有效: 15, IPv4: 164, IPv6: 0, 最小延迟: 949 ms, 最高速率: 1.33 M/s, 平均速率: 0.82 M/s, 最高分辨率: 1920x1080, 平均帧率: 42.81, 视频编解码器: h264, 音频编解码器: mp2
分类: 📡卫视频道, 名称: 安徽卫视, 有效: 13, IPv4: 173, IPv6: 0, 最小延迟: 445 ms, 最高速率: 1.31 M/s, 平均速率: 0.80 M/s, 最高分辨率: 1920x1080, 平均帧率: 39.69, 视频编解码器: h264, 音频编解码器: mp2
分类: 📡卫视频道, 名称: 重庆卫视, 有效: 15, IPv4: 159, IPv6: 0, 最小延迟: 106 ms, 最高速率: 9.10 M/s, 平均速率: 1.30 M/s, 最高分辨率: 1920x1080, 平均帧率: 35.25, 视频编解码器: h264, 音频编解码器: mp2
分类: 📡卫视频道, 名称: 东南卫视, 有效: 14, IPv4: 123, IPv6: 0, 最小延迟: 468 ms, 最高速率: 1.29 M/s, 平均速率: 0.77 M/s, 最高分辨率: 1920x1080, 平均帧率: 36.15, 视频编解码器: h264, 音频编解码器: mp2
分类: 📡卫视频道, 名称: 广东卫视, 有效: 20, IPv4: 172, IPv6: 0, 最小延迟: 1002 ms, 最高速率: 1.37 M/s, 平均速率: 0.85 M/s, 最高分辨率: 3840x2160, 平均帧率: 37.77, 视频编解码器: h264, 音频编解码器: mp2
分类: 📡卫视频道, 名称: 甘肃卫视, 有效: 2, IPv4: 74, IPv6: 0, 最小延迟: 1202 ms, 最高速率: 1.01 M/s, 平均速率: 0.89 M/s, 最高分辨率: 1920x1080, 平均帧率: 37.50, 视频编解码器: h264, 音频编解码器: mp2
分类: 📡卫视频道, 名称: 广西卫视, 有效: 10, IPv4: 132, IPv6: 0, 最小延迟: 421 ms, 最高速率: 1.29 M/s, 平均速率: 0.87 M/s, 最高分辨率: 3840x2160, 平均帧率: 39.86, 视频编解码器: h264, 音频编解码器: mp2
分类: 📡卫视频道, 名称: 贵州卫视, 有效: 7, IPv4: 139, IPv6: 0, 最小延迟: 1196 ms, 最高速率: 0.97 M/s, 平均速率: 0.76 M/s, 最高分辨率: 1920x1080, 平均帧率: 44.83, 视频编解码器: h264, 音频编解码器: mp2
分类: 📡卫视频道, 名称: 海南卫视, 有效: 9, IPv4: 87, IPv6: 0, 最小延迟: 1183 ms, 最高速率: 1.26 M/s, 平均速率: 0.95 M/s, 最高分辨率: 1920x1080, 平均帧率: 43.45, 视频编解码器: h264, 音频编解码器: mp2
分类: 📡卫视频道, 名称: 河北卫视, 有效: 11, IPv4: 128, IPv6: 0, 最小延迟: 1123 ms, 最高速率: 1.25 M/s, 平均速率: 0.91 M/s, 最高分辨率: 1920x1080, 平均帧率: 42.50, 视频编解码器: h264, 音频编解码器: mp2
分类: 📡卫视频道, 名称: 河南卫视, 有效: 10, IPv4: 160, IPv6: 0, 最小延迟: 1053 ms, 最高速率: 1.06 M/s, 平均速率: 0.81 M/s, 最高分辨率: 1920x1080, 平均帧率: 43.59, 视频编解码器: h264, 音频编解码器: mp2
分类: 📡卫视频道, 名称: 黑龙江卫视, 有效: 9, IPv4: 149, IPv6: 0, 最小延迟: 418 ms, 最高速率: 1.41 M/s, 平均速率: 0.92 M/s, 最高分辨率: 1920x1080, 平均帧率: 42.39, 视频编解码器: h264, 音频编解码器: mp2
分类: 📡卫视频道, 名称: 辽宁卫视, 有效: 17, IPv4: 147, IPv6: 0, 最小延迟: 423 ms, 最高速率: 1.29 M/s, 平均速率: 0.86 M/s, 最高分辨率: 1920x1080, 平均帧率: 44.34, 视频编解码器: h264, 音频编解码器: mp2
分类: 📡卫视频道, 名称: 内蒙古卫视, 有效: 3, IPv4: 49, IPv6: 0, 最小延迟: 1201 ms, 最高速率: 1.45 M/s, 平均速率: 1.03 M/s, 最高分辨率: 1920x1080, 平均帧率: 28.41, 视频编解码器: h264, 音频编解码器: mp2
分类: 📡卫视频道, 名称: 宁夏卫视, 有效: 5, IPv4: 78, IPv6: 0, 最小延迟: 1208 ms, 最高速率: 1.15 M/s, 平均速率: 0.97 M/s, 最高分辨率: 1920x1080, 平均帧率: 32.35, 视频编解码器: h264, 音频编解码器: mp2
分类: 📡卫视频道, 名称: 青海卫视, 有效: 3, IPv4: 85, IPv6: 0, 最小延迟: 417 ms, 最高速率: 1.21 M/s, 平均速率: 1.02 M/s, 最高分辨率: 1920x1080, 平均帧率: 42.03, 视频编解码器: h264, 音频编解码器: mp2
分类: 📡卫视频道, 名称: 山东卫视, 有效: 20, IPv4: 168, IPv6: 0, 最小延迟: 583 ms, 最高速率: 2.26 M/s, 平均速率: 0.85 M/s, 最高分辨率: 1920x1080, 平均帧率: 36.61, 视频编解码器: h264, 音频编解码器: mp2
分类: 📡卫视频道, 名称: 山西卫视, 有效: 3, IPv4: 129, IPv6: 0, 最小延迟: 1205 ms, 最高速率: 1.42 M/s, 平均速率: 1.01 M/s, 最高分辨率: 1920x1080, 平均帧率: 36.30, 视频编解码器: h264, 音频编解码器: mp2
分类: 📡卫视频道, 名称: 陕西卫视, 有效: 4, IPv4: 116, IPv6: 0, 最小延迟: 456 ms, 最高速率: 1.61 M/s, 平均速率: 1.25 M/s, 最高分辨率: 1920x1080, 平均帧率: 34.65, 视频编解码器: h264, 音频编解码器: mp2
分类: 📡卫视频道, 名称: 四川卫视, 有效: 10, IPv4: 145, IPv6: 0, 最小延迟: 1207 ms, 最高速率: 1.08 M/s, 平均速率: 0.71 M/s, 最高分辨率: 1920x1080, 平均帧率: 35.21, 视频编解码器: h264, 音频编解码器: mp2
分类: 📡卫视频道, 名称: 三沙卫视, 有效: 0, IPv4: 5, IPv6: 0, 最小延迟: 10021 ms, 最高速率: 0.16 M/s, 平均速率: 0.00 M/s, 最高分辨率: 720x576, 平均帧率: 25.00, 视频编解码器: h264, 音频编解码器: mp2
分类: 📡卫视频道, 名称: 天津卫视, 有效: 20, IPv4: 153, IPv6: 0, 最小延迟: 103 ms, 最高速率: 23.75 M/s, 平均速率: 1.93 M/s, 最高分辨率: 1920x1080, 平均帧率: 38.75, 视频编解码器: h264, 音频编解码器: mp2
分类: 📡卫视频道, 名称: 西藏卫视, 有效: 3, IPv4: 43, IPv6: 0, 最小延迟: 1063 ms, 最高速率: 1.42 M/s, 平均速率: 0.94 M/s, 最高分辨率: 1920x1080, 平均帧率: 39.47, 视频编解码器: h264, 音频编解码器: mp2
分类: 📡卫视频道, 名称: 新疆卫视, 有效: 4, IPv4: 51, IPv6: 0, 最小延迟: 1207 ms, 最高速率: 1.12 M/s, 平均速率: 0.86 M/s, 最高分辨率: 1920x1080, 平均帧率: 38.64, 视频编解码器: h264, 音频编解码器: mp2
分类: 📡卫视频道, 名称: 香港卫视, 有效: 0, IPv4: 16, IPv6: 0, 最小延迟: -1 ms, 最高速率: 0.00 M/s, 平均速率: 0.00 M/s, 最高分辨率: None, 平均帧率: 未知, 视频编解码器: 未知, 音频编解码器: 未知
分类: 📡卫视频道, 名称: 康巴卫视, 有效: 0, IPv4: 1, IPv6: 0, 最小延迟: -1 ms, 最高速率: 0.00 M/s, 平均速率: 0.00 M/s, 最高分辨率: None, 平均帧率: 未知, 视频编解码器: 未知, 音频编解码器: 未知
分类: 📡卫视频道, 名称: 云南卫视, 有效: 4, IPv4: 123, IPv6: 0, 最小延迟: 1061 ms, 最高速率: 1.16 M/s, 平均速率: 0.75 M/s, 最高分辨率: 1920x1080, 平均帧率: 43.52, 视频编解码器: h264, 音频编解码器: mp2
分类: 📡卫视频道, 名称: 大湾区卫视, 有效: 1, IPv4: 3, IPv6: 0, 最小延迟: 475 ms, 最高速率: 1.50 M/s, 平均速率: 1.50 M/s, 最高分辨率: 1280x720, 平均帧率: 41.67, 视频编解码器: h264, 音频编解码器: mp2
分类: 📡卫视频道, 名称: 延边卫视, 有效: 0, IPv4: 3, IPv6: 0, 最小延迟: 10332 ms, 最高速率: 0.03 M/s, 平均速率: 0.00 M/s, 最高分辨率: None, 平均帧率: 未知, 视频编解码器: 未知, 音频编解码器: 未知
分类: 📡卫视频道, 名称: 兵团卫视, 有效: 4, IPv4: 28, IPv6: 0, 最小延迟: 1181 ms, 最高速率: 1.40 M/s, 平均速率: 0.96 M/s, 最高分辨率: 1920x1080, 平均帧率: 41.18, 视频编解码器: h264, 音频编解码器: mp2
分类: 📡卫视频道, 名称: 厦门卫视, 有效: 0, IPv4: 31, IPv6: 0, 最小延迟: 2778 ms, 最高速率: 0.73 M/s, 平均速率: 0.00 M/s, 最高分辨率: 720x576, 平均帧率: 28.12, 视频编解码器: h264, 音频编解码器: mp2
分类: 📡卫视频道, 名称: 安多卫视, 有效: 0, IPv4: 17, IPv6: 0, 最小延迟: 3055 ms, 最高速率: 0.85 M/s, 平均速率: 0.00 M/s, 最高分辨率: 720x576, 平均帧率: 25.00, 视频编解码器: mpeg2video, 音频编解码器: mp2
分类: ☘️广东频道, 名称: 广东珠江, 有效: 2, IPv4: 41, IPv6: 0, 最小延迟: 465 ms, 最高速率: 1.44 M/s, 平均速率: 0.98 M/s, 最高分辨率: 3840x2160, 平均帧率: 33.84, 视频编解码器: h264, 音频编解码器: mp2
分类: ☘️广东频道, 名称: 广东体育, 有效: 5, IPv4: 45, IPv6: 0, 最小延迟: 1705 ms, 最高速率: 0.81 M/s, 平均速率: 0.63 M/s, 最高分辨率: 1920x1080, 平均帧率: 34.00, 视频编解码器: h264, 音频编解码器: mp2
分类: ☘️广东频道, 名称: 广东民生, 有效: 0, IPv4: 1, IPv6: 0, 最小延迟: 10600 ms, 最高速率: 0.06 M/s, 平均速率: 0.00 M/s, 最高分辨率: None, 平均帧率: 未知, 视频编解码器: 未知, 音频编解码器: 未知
分类: ☘️广东频道, 名称: 广州影视, 有效: 0, IPv4: 1, IPv6: 0, 最小延迟: -1 ms, 最高速率: 0.00 M/s, 平均速率: 0.00 M/s, 最高分辨率: None, 平均帧率: 未知, 视频编解码器: 未知, 音频编解码器: 未知
分类: ☘️广东频道, 名称: 广州竞赛, 有效: 0, IPv4: 1, IPv6: 0, 最小延迟: -1 ms, 最高速率: 0.00 M/s, 平均速率: 0.00 M/s, 最高分辨率: None, 平均帧率: 未知, 视频编解码器: 未知, 音频编解码器: 未知
分类: ☘️广东频道, 名称: 广东新闻, 有效: 5, IPv4: 22, IPv6: 0, 最小延迟: 503 ms, 最高速率: 1.39 M/s, 平均速率: 0.86 M/s, 最高分辨率: 1920x1080, 平均帧率: 31.00, 视频编解码器: h264, 音频编解码器: mp2
分类: ☘️广东频道, 名称: 江门综合, 有效: 0, IPv4: 1, IPv6: 0, 最小延迟: 10505 ms, 最高速率: 0.05 M/s, 平均速率: 0.00 M/s, 最高分辨率: None, 平均帧率: 未知, 视频编解码器: 未知, 音频编解码器: 未知
分类: ☘️广东频道, 名称: 广州综合, 有效: 0, IPv4: 3, IPv6: 0, 最小延迟: 10280 ms, 最高速率: 0.04 M/s, 平均速率: 0.00 M/s, 最高分辨率: None, 平均帧率: 未知, 视频编解码器: 未知, 音频编解码器: 未知
分类: ☘️浙江频道, 名称: 浙江新闻, 有效: 0, IPv4: 2, IPv6: 0, 最小延迟: 10364 ms, 最高速率: 0.34 M/s, 平均速率: 0.00 M/s, 最高分辨率: 1920x1080, 平均帧率: 25.00, 视频编解码器: h264, 音频编解码器: mp2
分类: ☘️北京频道, 名称: 北京新闻, 有效: 2, IPv4: 2, IPv6: 0, 最小延迟: 2439 ms, 最高速率: 0.83 M/s, 平均速率: 0.82 M/s, 最高分辨率: 1920x1080, 平均帧率: 25.00, 视频编解码器: h264, 音频编解码器: aac
分类: ☘️北京频道, 名称: 北京影院, 有效: 2, IPv4: 4, IPv6: 0, 最小延迟: 2357 ms, 最高速率: 0.82 M/s, 平均速率: 0.75 M/s, 最高分辨率: 1920x1080, 平均帧率: 26.25, 视频编解码器: h264, 音频编解码器: aac
分类: ☘️浙江频道, 名称: 杭州影视, 有效: 0, IPv4: 2, IPv6: 0, 最小延迟: 10291 ms, 最高速率: 0.49 M/s, 平均速率: 0.00 M/s, 最高分辨率: 1920x1080, 平均帧率: 25.00, 视频编解码器: h264, 音频编解码器: mp2
分类: ☘️北京频道, 名称: 北京生活, 有效: 2, IPv4: 2, IPv6: 0, 最小延迟: 2724 ms, 最高速率: 0.77 M/s, 平均速率: 0.76 M/s, 最高分辨率: 1920x1080, 平均帧率: 25.00, 视频编解码器: h264, 音频编解码器: aac
分类: ☘️北京频道, 名称: 北京财经, 有效: 2, IPv4: 2, IPv6: 0, 最小延迟: 2138 ms, 最高速率: 0.77 M/s, 平均速率: 0.71 M/s, 最高分辨率: 1920x1080, 平均帧率: 25.00, 视频编解码器: h264, 音频编解码器: aac
分类: ☘️北京频道, 名称: 北京体育, 有效: 2, IPv4: 2, IPv6: 0, 最小延迟: 2322 ms, 最高速率: 0.83 M/s, 平均速率: 0.81 M/s, 最高分辨率: 1920x1080, 平均帧率: 25.00, 视频编解码器: h264, 音频编解码器: aac
分类: ☘️上海频道, 名称: 上海都市, 有效: 0, IPv4: 1, IPv6: 0, 最小延迟: 6854 ms, 最高速率: 0.05 M/s, 平均速率: 0.00 M/s, 最高分辨率: None, 平均帧率: 未知, 视频编解码器: 未知, 音频编解码器: 未知
分类: ☘️上海频道, 名称: 上海新闻, 有效: 0, IPv4: 1, IPv6: 0, 最小延迟: 10349 ms, 最高速率: 0.03 M/s, 平均速率: 0.00 M/s, 最高分辨率: None, 平均帧率: 未知, 视频编解码器: 未知, 音频编解码器: 未知
分类: ☘️上海频道, 名称: 上海纪实, 有效: 0, IPv4: 2, IPv6: 0, 最小延迟: 10204 ms, 最高速率: 0.06 M/s, 平均速率: 0.00 M/s, 最高分辨率: None, 平均帧率: 未知, 视频编解码器: 未知, 音频编解码器: 未知
分类: ☘️上海频道, 名称: 全纪实, 有效: 2, IPv4: 4, IPv6: 0, 最小延迟: 2994 ms, 最高速率: 0.79 M/s, 平均速率: 0.75 M/s, 最高分辨率: 1920x1080, 平均帧率: 25.00, 视频编解码器: h264, 音频编解码器: aac
分类: ☘️上海频道, 名称: 东方影视, 有效: 0, IPv4: 2, IPv6: 0, 最小延迟: 10435 ms, 最高速率: 0.07 M/s, 平均速率: 0.00 M/s, 最高分辨率: 1920x1080, 平均帧率: 25.00, 视频编解码器: h264, 音频编解码器: mp2
分类: ☘️上海频道, 名称: 东方财经, 有效: 0, IPv4: 4, IPv6: 0, 最小延迟: 10011 ms, 最高速率: 0.22 M/s, 平均速率: 0.00 M/s, 最高分辨率: 1920x1080, 平均帧率: 50.00, 视频编解码器: h264, 音频编解码器: aac
分类: ☘️上海频道, 名称: 第一财经, 有效: 0, IPv4: 3, IPv6: 0, 最小延迟: 7125 ms, 最高速率: 0.06 M/s, 平均速率: 0.00 M/s, 最高分辨率: 1920x1080, 平均帧率: 25.00, 视频编解码器: h264, 音频编解码器: mp2
分类: ☘️上海频道, 名称: 都市剧场, 有效: 3, IPv4: 6, IPv6: 0, 最小延迟: 2961 ms, 最高速率: 0.83 M/s, 平均速率: 0.69 M/s, 最高分辨率: 1920x1080, 平均帧率: 31.25, 视频编解码器: h264, 音频编解码器: mp2
分类: ☘️上海频道, 名称: 金色频道, 有效: 0, IPv4: 16, IPv6: 0, 最小延迟: -1 ms, 最高速率: 0.00 M/s, 平均速率: 0.00 M/s, 最高分辨率: None, 平均帧率: 未知, 视频编解码器: 未知, 音频编解码器: 未知
分类: ☘️江苏频道, 名称: 优漫卡通, 有效: 0, IPv4: 21, IPv6: 0, 最小延迟: 1262 ms, 最高速率: 0.43 M/s, 平均速率: 0.00 M/s, 最高分辨率: 720x576, 平均帧率: 40.00, 视频编解码器: h264, 音频编解码器: mp2
分类: ☘️辽宁频道, 名称: 辽宁北方, 有效: 0, IPv4: 1, IPv6: 0, 最小延迟: 10214 ms, 最高速率: 0.05 M/s, 平均速率: 0.00 M/s, 最高分辨率: None, 平均帧率: 未知, 视频编解码器: 未知, 音频编解码器: 未知
分类: ☘️辽宁频道, 名称: 辽宁影视剧, 有效: 0, IPv4: 1, IPv6: 0, 最小延迟: 10340 ms, 最高速率: 0.04 M/s, 平均速率: 0.00 M/s, 最高分辨率: None, 平均帧率: 未知, 视频编解码器: 未知, 音频编解码器: 未知
分类: ☘️辽宁频道, 名称: 辽宁教育青少, 有效: 0, IPv4: 1, IPv6: 0, 最小延迟: 10930 ms, 最高速率: 0.04 M/s, 平均速率: 0.00 M/s, 最高分辨率: None, 平均帧率: 未知, 视频编解码器: 未知, 音频编解码器: 未知
分类: ☘️辽宁频道, 名称: 辽宁生活, 有效: 0, IPv4: 1, IPv6: 0, 最小延迟: 10039 ms, 最高速率: 0.05 M/s, 平均速率: 0.00 M/s, 最高分辨率: None, 平均帧率: 未知, 视频编解码器: 未知, 音频编解码器: 未知
分类: ☘️辽宁频道, 名称: 辽宁经济, 有效: 0, IPv4: 1, IPv6: 0, 最小延迟: 10236 ms, 最高速率: 0.03 M/s, 平均速率: 0.00 M/s, 最高分辨率: None, 平均帧率: 未知, 视频编解码器: 未知, 音频编解码器: 未知
分类: ☘️辽宁频道, 名称: 辽宁都市, 有效: 0, IPv4: 1, IPv6: 0, 最小延迟: 10292 ms, 最高速率: 0.04 M/s, 平均速率: 0.00 M/s, 最高分辨率: None, 平均帧率: 未知, 视频编解码器: 未知, 音频编解码器: 未知
分类: ☘️湖南频道, 名称: 湖南都市, 有效: 2, IPv4: 7, IPv6: 0, 最小延迟: 1546 ms, 最高速率: 1.04 M/s, 平均速率: 1.00 M/s, 最高分辨率: 1920x1080, 平均帧率: 31.25, 视频编解码器: h264, 音频编解码器: aac
分类: ☘️湖南频道, 名称: 湖南经视, 有效: 2, IPv4: 7, IPv6: 0, 最小延迟: 1327 ms, 最高速率: 0.92 M/s, 平均速率: 0.90 M/s, 最高分辨率: 1920x1080, 平均帧率: 25.00, 视频编解码器: h264, 音频编解码器: aac
分类: ☘️湖南频道, 名称: 湖南电视剧, 有效: 2, IPv4: 4, IPv6: 0, 最小延迟: 1128 ms, 最高速率: 0.99 M/s, 平均速率: 0.97 M/s, 最高分辨率: 1920x1080, 平均帧率: 25.00, 视频编解码器: h264, 音频编解码器: aac
分类: ☘️湖南频道, 名称: 湖南爱晚, 有效: 2, IPv4: 2, IPv6: 0, 最小延迟: 3409 ms, 最高速率: 0.97 M/s, 平均速率: 0.92 M/s, 最高分辨率: 1920x1080, 平均帧率: 25.00, 视频编解码器: h264, 音频编解码器: aac
分类: ☘️湖南频道, 名称: 湖南电影, 有效: 0, IPv4: 5, IPv6: 0, 最小延迟: 1997 ms, 最高速率: 0.13 M/s, 平均速率: 0.00 M/s, 最高分辨率: 1920x1080, 平均帧率: 37.50, 视频编解码器: h264, 音频编解码器: aac
分类: ☘️湖南频道, 名称: 湖南教育, 有效: 3, IPv4: 5, IPv6: 0, 最小延迟: 424 ms, 最高速率: 1.16 M/s, 平均速率: 0.91 M/s, 最高分辨率: 1920x1080, 平均帧率: 33.75, 视频编解码器: h264, 音频编解码器: aac
分类: ☘️湖南频道, 名称: 湖南娱乐, 有效: 3, IPv4: 6, IPv6: 0, 最小延迟: 726 ms, 最高速率: 3.82 M/s, 平均速率: 1.86 M/s, 最高分辨率: 1920x1080, 平均帧率: 25.00, 视频编解码器: h264, 音频编解码器: aac
分类: ☘️湖南频道, 名称: 湖南国际, 有效: 0, IPv4: 2, IPv6: 0, 最小延迟: 10339 ms, 最高速率: 0.01 M/s, 平均速率: 0.00 M/s, 最高分辨率: None, 平均帧率: 未知, 视频编解码器: 未知, 音频编解码器: 未知
分类: ☘️湖南频道, 名称: 长沙新闻, 有效: 0, IPv4: 1, IPv6: 0, 最小延迟: -1 ms, 最高速率: 0.00 M/s, 平均速率: 0.00 M/s, 最高分辨率: None, 平均帧率: 未知, 视频编解码器: 未知, 音频编解码器: 未知
分类: ☘️湖南频道, 名称: 湖南公共, 有效: 0, IPv4: 6, IPv6: 0, 最小延迟: 1163 ms, 最高速率: 0.25 M/s, 平均速率: 0.00 M/s, 最高分辨率: 1920x1080, 平均帧率: 41.67, 视频编解码器: h264, 音频编解码器: aac
分类: ☘️湖南频道, 名称: 长沙政法, 有效: 0, IPv4: 1, IPv6: 0, 最小延迟: 10353 ms, 最高速率: 0.02 M/s, 平均速率: 0.00 M/s, 最高分辨率: None, 平均帧率: 未知, 视频编解码器: 未知, 音频编解码器: 未知
分类: ☘️湖北频道, 名称: 湖北综合, 有效: 1, IPv4: 10, IPv6: 0, 最小延迟: 676 ms, 最高速率: 1.59 M/s, 平均速率: 1.59 M/s, 最高分辨率: 1920x1080, 平均帧率: 36.67, 视频编解码器: h264, 音频编解码器: aac
分类: ☘️湖北频道, 名称: 湖北生活, 有效: 1, IPv4: 1, IPv6: 0, 最小延迟: 519 ms, 最高速率: 1.65 M/s, 平均速率: 1.65 M/s, 最高分辨率: 1280x720, 平均帧率: 60.00, 视频编解码器: h264, 音频编解码器: aac
分类: ☘️湖北频道, 名称: 湖北公共新闻, 有效: 0, IPv4: 2, IPv6: 0, 最小延迟: -1 ms, 最高速率: 0.00 M/s, 平均速率: 0.00 M/s, 最高分辨率: None, 平均帧率: 未知, 视频编解码器: 未知, 音频编解码器: 未知
分类: ☘️湖北频道, 名称: 湖北经视, 有效: 1, IPv4: 18, IPv6: 0, 最小延迟: 7048 ms, 最高速率: 0.54 M/s, 平均速率: 0.54 M/s, 最高分辨率: 1920x1080, 平均帧率: 25.00, 视频编解码器: h264, 音频编解码器: aac
分类: ☘️湖北频道, 名称: 湖北公共, 有效: 0, IPv4: 7, IPv6: 0, 最小延迟: -1 ms, 最高速率: 0.00 M/s, 平均速率: 0.00 M/s, 最高分辨率: None, 平均帧率: 未知, 视频编解码器: 未知, 音频编解码器: 未知
分类: ☘️湖北频道, 名称: 湖北教育, 有效: 1, IPv4: 2, IPv6: 0, 最小延迟: 517 ms, 最高速率: 1.38 M/s, 平均速率: 1.38 M/s, 最高分辨率: 1280x720, 平均帧率: 60.00, 视频编解码器: h264, 音频编解码器: aac
分类: ☘️湖北频道, 名称: 湖北影视, 有效: 1, IPv4: 5, IPv6: 0, 最小延迟: 555 ms, 最高速率: 1.43 M/s, 平均速率: 1.43 M/s, 最高分辨率: 1280x720, 平均帧率: 60.00, 视频编解码器: h264, 音频编解码器: aac
分类: ☘️湖北频道, 名称: 武汉新闻, 有效: 0, IPv4: 1, IPv6: 0, 最小延迟: 10703 ms, 最高速率: 0.11 M/s, 平均速率: 0.00 M/s, 最高分辨率: 1920x1080, 平均帧率: 50.00, 视频编解码器: h264, 音频编解码器: mp2
分类: ☘️湖北频道, 名称: 湖北垄上, 有效: 0, IPv4: 5, IPv6: 0, 最小延迟: 102 ms, 最高速率: 0.05 M/s, 平均速率: 0.00 M/s, 最高分辨率: 1280x720, 平均帧率: 25.00, 视频编解码器: h264, 音频编解码器: aac
分类: ☘️湖北频道, 名称: 武汉生活, 有效: 0, IPv4: 1, IPv6: 0, 最小延迟: 10388 ms, 最高速率: 0.17 M/s, 平均速率: 0.00 M/s, 最高分辨率: 1920x1080, 平均帧率: 50.00, 视频编解码器: h264, 音频编解码器: mp2
分类: ☘️湖北频道, 名称: 十堰新闻, 有效: 3, IPv4: 3, IPv6: 0, 最小延迟: 6521 ms, 最高速率: 0.58 M/s, 平均速率: 0.55 M/s, 最高分辨率: 1920x1080, 平均帧率: 25.00, 视频编解码器: h264, 音频编解码器: mp2
分类: ☘️广西频道, 名称: 广西影视, 有效: 2, IPv4: 20, IPv6: 0, 最小延迟: 780 ms, 最高速率: 6.65 M/s, 平均速率: 3.94 M/s, 最高分辨率: 1920x1080, 平均帧率: 41.67, 视频编解码器: h264, 音频编解码器: aac
分类: ☘️广西频道, 名称: 广西新闻, 有效: 3, IPv4: 21, IPv6: 0, 最小延迟: 526 ms, 最高速率: 1.36 M/s, 平均速率: 1.22 M/s, 最高分辨率: 1920x1080, 平均帧率: 52.50, 视频编解码器: h264, 音频编解码器: aac
分类: ☘️广西频道, 名称: 广西综艺, 有效: 1, IPv4: 18, IPv6: 0, 最小延迟: 3465 ms, 最高速率: 1.31 M/s, 平均速率: 1.31 M/s, 最高分辨率: 1920x1080, 平均帧率: 50.00, 视频编解码器: h264, 音频编解码器: mp2
分类: ☘️广西频道, 名称: 广西国际, 有效: 1, IPv4: 1, IPv6: 0, 最小延迟: 416 ms, 最高速率: 1.12 M/s, 平均速率: 1.12 M/s, 最高分辨率: 1280x720, 平均帧率: 30.00, 视频编解码器: h264, 音频编解码器: aac
分类: ☘️广西频道, 名称: 广西都市, 有效: 2, IPv4: 20, IPv6: 0, 最小延迟: 415 ms, 最高速率: 1.14 M/s, 平均速率: 1.01 M/s, 最高分辨率: 1920x1080, 平均帧率: 43.33, 视频编解码器: h264, 音频编解码器: aac
分类: ☘️广西频道, 名称: 南宁影视娱乐, 有效: 0, IPv4: 2, IPv6: 0, 最小延迟: 2956 ms, 最高速率: 0.73 M/s, 平均速率: 0.00 M/s, 最高分辨率: 720x576, 平均帧率: 25.00, 视频编解码器: mpeg2video, 音频编解码器: mp2
分类: ☘️天津频道, 名称: 天津都市, 有效: 3, IPv4: 3, IPv6: 0, 最小延迟: 2518 ms, 最高速率: 0.89 M/s, 平均速率: 0.85 M/s, 最高分辨率: 1920x1080, 平均帧率: 50.00, 视频编解码器: h264, 音频编解码器: aac
分类: ☘️天津频道, 名称: 天津新闻, 有效: 3, IPv4: 3, IPv6: 0, 最小延迟: 2611 ms, 最高速率: 0.95 M/s, 平均速率: 0.79 M/s, 最高分辨率: 1920x1080, 平均帧率: 50.00, 视频编解码器: h264, 音频编解码器: aac
分类: ☘️陕西频道, 名称: 陕西新闻资讯, 有效: 0, IPv4: 1, IPv6: 0, 最小延迟: -1 ms, 最高速率: 0.00 M/s, 平均速率: 0.00 M/s, 最高分辨率: None, 平均帧率: 未知, 视频编解码器: 未知, 音频编解码器: 未知
分类: ☘️陕西频道, 名称: 陕西都市青春, 有效: 0, IPv4: 1, IPv6: 0, 最小延迟: -1 ms, 最高速率: 0.00 M/s, 平均速率: 0.00 M/s, 最高分辨率: None, 平均帧率: 未知, 视频编解码器: 未知, 音频编解码器: 未知
分类: ☘️四川频道, 名称: 四川科教, 有效: 0, IPv4: 2, IPv6: 0, 最小延迟: 1686 ms, 最高速率: 0.25 M/s, 平均速率: 0.00 M/s, 最高分辨率: 1920x1080, 平均帧率: 50.00, 视频编解码器: h264, 音频编解码器: mp2
分类: ☘️福建频道, 名称: 福建新闻, 有效: 0, IPv4: 1, IPv6: 0, 最小延迟: 1492 ms, 最高速率: 0.14 M/s, 平均速率: 0.00 M/s, 最高分辨率: 1920x1080, 平均帧率: 25.00, 视频编解码器: h264, 音频编解码器: aac
分类: ☘️天津频道, 名称: 天津文艺, 有效: 3, IPv4: 3, IPv6: 0, 最小延迟: 2489 ms, 最高速率: 0.80 M/s, 平均速率: 0.77 M/s, 最高分辨率: 1920x1080, 平均帧率: 50.00, 视频编解码器: h264, 音频编解码器: aac
分类: ☘️海南频道, 名称: 海南新闻, 有效: 0, IPv4: 1, IPv6: 0, 最小延迟: 2731 ms, 最高速率: 0.58 M/s, 平均速率: 0.00 M/s, 最高分辨率: 720x576, 平均帧率: 50.00, 视频编解码器: h264, 音频编解码器: mp2
分类: ☘️海南频道, 名称: 海南公共, 有效: 0, IPv4: 1, IPv6: 0, 最小延迟: 2579 ms, 最高速率: 0.53 M/s, 平均速率: 0.00 M/s, 最高分辨率: 720x576, 平均帧率: 50.00, 视频编解码器: h264, 音频编解码器: mp2
分类: ☘️河南频道, 名称: 河南乡村, 有效: 0, IPv4: 2, IPv6: 0, 最小延迟: 1207 ms, 最高速率: 0.00 M/s, 平均速率: 0.00 M/s, 最高分辨率: None, 平均帧率: 未知, 视频编解码器: 未知, 音频编解码器: 未知
分类: ☘️河南频道, 名称: 河南国际, 有效: 0, IPv4: 2, IPv6: 0, 最小延迟: -1 ms, 最高速率: 0.00 M/s, 平均速率: 0.00 M/s, 最高分辨率: None, 平均帧率: 未知, 视频编解码器: 未知, 音频编解码器: 未知
分类: ☘️河南频道, 名称: 河南公共, 有效: 0, IPv4: 8, IPv6: 0, 最小延迟: 1207 ms, 最高速率: 0.13 M/s, 平均速率: 0.00 M/s, 最高分辨率: 1920x1080, 平均帧率: 50.00, 视频编解码器: h264, 音频编解码器: aac
分类: ☘️河南频道, 名称: 河南新闻, 有效: 0, IPv4: 9, IPv6: 0, 最小延迟: 1207 ms, 最高速率: 0.15 M/s, 平均速率: 0.00 M/s, 最高分辨率: 1920x1080, 平均帧率: 50.00, 视频编解码器: h264, 音频编解码器: aac
分类: ☘️河南频道, 名称: 河南梨园, 有效: 0, IPv4: 23, IPv6: 0, 最小延迟: 433 ms, 最高速率: 0.22 M/s, 平均速率: 0.00 M/s, 最高分辨率: 1920x1080, 平均帧率: 25.00, 视频编解码器: h264, 音频编解码器: aac
分类: ☘️河南频道, 名称: 河南民生, 有效: 0, IPv4: 13, IPv6: 0, 最小延迟: 1200 ms, 最高速率: 0.20 M/s, 平均速率: 0.00 M/s, 最高分辨率: 1920x1080, 平均帧率: 50.00, 视频编解码器: h264, 音频编解码器: aac
分类: ☘️河南频道, 名称: 河南电视剧, 有效: 0, IPv4: 9, IPv6: 0, 最小延迟: 1203 ms, 最高速率: 0.16 M/s, 平均速率: 0.00 M/s, 最高分辨率: 1920x1080, 平均帧率: 50.00, 视频编解码器: h264, 音频编解码器: aac
分类: ☘️河南频道, 名称: 河南法治, 有效: 0, IPv4: 8, IPv6: 0, 最小延迟: 3436 ms, 最高速率: 0.12 M/s, 平均速率: 0.00 M/s, 最高分辨率: 1920x1080, 平均帧率: 50.00, 视频编解码器: h264, 音频编解码器: aac
分类: ☘️河南频道, 名称: 河南戏曲, 有效: 0, IPv4: 2, IPv6: 0, 最小延迟: -1 ms, 最高速率: 0.00 M/s, 平均速率: 0.00 M/s, 最高分辨率: None, 平均帧率: 未知, 视频编解码器: 未知, 音频编解码器: 未知
分类: ☘️河南频道, 名称: 移动戏曲, 有效: 0, IPv4: 5, IPv6: 0, 最小延迟: -1 ms, 最高速率: 0.00 M/s, 平均速率: 0.00 M/s, 最高分辨率: None, 平均帧率: 未知, 视频编解码器: 未知, 音频编解码器: 未知
分类: ☘️河南频道, 名称: 河南都市, 有效: 0, IPv4: 14, IPv6: 0, 最小延迟: 1204 ms, 最高速率: 0.17 M/s, 平均速率: 0.00 M/s, 最高分辨率: 1920x1080, 平均帧率: 50.00, 视频编解码器: h264, 音频编解码器: aac
分类: ☘️河南频道, 名称: 安阳新闻综合, 有效: 0, IPv4: 1, IPv6: 0, 最小延迟: -1 ms, 最高速率: 0.00 M/s, 平均速率: 0.00 M/s, 最高分辨率: None, 平均帧率: 未知, 视频编解码器: 未知, 音频编解码器: 未知
分类: ☘️河北频道, 名称: 邯郸公共, 有效: 0, IPv4: 3, IPv6: 0, 最小延迟: 10009 ms, 最高速率: 0.04 M/s, 平均速率: 0.00 M/s, 最高分辨率: 1920x1080, 平均帧率: 50.00, 视频编解码器: h264, 音频编解码器: mp2
分类: ☘️河北频道, 名称: 邯郸新闻, 有效: 0, IPv4: 2, IPv6: 0, 最小延迟: 10174 ms, 最高速率: 0.05 M/s, 平均速率: 0.00 M/s, 最高分辨率: 1920x1080, 平均帧率: 50.00, 视频编解码器: h264, 音频编解码器: mp2
分类: ☘️河北频道, 名称: 石家庄娱乐, 有效: 0, IPv4: 1, IPv6: 0, 最小延迟: -1 ms, 最高速率: 0.00 M/s, 平均速率: 0.00 M/s, 最高分辨率: None, 平均帧率: 未知, 视频编解码器: 未知, 音频编解码器: 未知
分类: ☘️河北频道, 名称: 邯郸科教, 有效: 0, IPv4: 2, IPv6: 0, 最小延迟: 10794 ms, 最高速率: 0.09 M/s, 平均速率: 0.00 M/s, 最高分辨率: 1920x1080, 平均帧率: 50.00, 视频编解码器: h264, 音频编解码器: mp2
分类: ☘️河北频道, 名称: 石家庄生活, 有效: 0, IPv4: 1, IPv6: 0, 最小延迟: 10038 ms, 最高速率: 0.01 M/s, 平均速率: 0.00 M/s, 最高分辨率: None, 平均帧率: 未知, 视频编解码器: 未知, 音频编解码器: 未知
分类: ☘️河北频道, 名称: 河北都市, 有效: 0, IPv4: 17, IPv6: 0, 最小延迟: 10119 ms, 最高速率: 0.08 M/s, 平均速率: 0.00 M/s, 最高分辨率: 1920x1080, 平均帧率: 50.00, 视频编解码器: h264, 音频编解码器: aac
分类: ☘️河北频道, 名称: 河北影视, 有效: 0, IPv4: 15, IPv6: 0, 最小延迟: 10215 ms, 最高速率: 0.09 M/s, 平均速率: 0.00 M/s, 最高分辨率: 1920x1080, 平均帧率: 50.00, 视频编解码器: h264, 音频编解码器: aac
分类: ☘️河北频道, 名称: 河北农民, 有效: 0, IPv4: 14, IPv6: 0, 最小延迟: 10344 ms, 最高速率: 0.09 M/s, 平均速率: 0.00 M/s, 最高分辨率: 1920x1080, 平均帧率: 50.00, 视频编解码器: h264, 音频编解码器: aac
分类: ☘️甘肃频道, 名称: 甘肃公共, 有效: 0, IPv4: 1, IPv6: 0, 最小延迟: -1 ms, 最高速率: 0.00 M/s, 平均速率: 0.00 M/s, 最高分辨率: None, 平均帧率: 未知, 视频编解码器: 未知, 音频编解码器: 未知
分类: ☘️甘肃频道, 名称: 甘肃文化, 有效: 0, IPv4: 1, IPv6: 0, 最小延迟: -1 ms, 最高速率: 0.00 M/s, 平均速率: 0.00 M/s, 最高分辨率: None, 平均帧率: 未知, 视频编解码器: 未知, 音频编解码器: 未知
分类: ☘️河北频道, 名称: 河北经济, 有效: 0, IPv4: 15, IPv6: 0, 最小延迟: 10023 ms, 最高速率: 0.09 M/s, 平均速率: 0.00 M/s, 最高分辨率: 1920x1080, 平均帧率: 50.00, 视频编解码器: h264, 音频编解码器: aac
分类: ☘️甘肃频道, 名称: 甘肃都市, 有效: 0, IPv4: 1, IPv6: 0, 最小延迟: 4703 ms, 最高速率: 0.57 M/s, 平均速率: 0.00 M/s, 最高分辨率: 720x576, 平均帧率: 25.00, 视频编解码器: h264, 音频编解码器: mp2
分类: ☘️甘肃频道, 名称: 甘肃少儿, 有效: 1, IPv4: 1, IPv6: 0, 最小延迟: 6727 ms, 最高速率: 0.79 M/s, 平均速率: 0.79 M/s, 最高分辨率: 1920x1080, 平均帧率: 50.00, 视频编解码器: h264, 音频编解码器: mp2
分类: ☘️河北频道, 名称: 河北杂技, 有效: 0, IPv4: 5, IPv6: 0, 最小延迟: 10612 ms, 最高速率: 0.05 M/s, 平均速率: 0.00 M/s, 最高分辨率: 1920x1080, 平均帧率: 25.00, 视频编解码器: h264, 音频编解码器: aac
分类: ☘️山东频道, 名称: 山东少儿, 有效: 0, IPv4: 3, IPv6: 0, 最小延迟: 2082 ms, 最高速率: 0.16 M/s, 平均速率: 0.00 M/s, 最高分辨率: 1920x1080, 平均帧率: 50.00, 视频编解码器: h264, 音频编解码器: mp2
分类: ☘️山东频道, 名称: 山东新闻, 有效: 0, IPv4: 1, IPv6: 0, 最小延迟: 10965 ms, 最高速率: 0.01 M/s, 平均速率: 0.00 M/s, 最高分辨率: None, 平均帧率: 未知, 视频编解码器: 未知, 音频编解码器: 未知
分类: ☘️山东频道, 名称: 山东教育, 有效: 0, IPv4: 30, IPv6: 0, 最小延迟: 2101 ms, 最高速率: 1.05 M/s, 平均速率: 0.00 M/s, 最高分辨率: 1920x1080, 平均帧率: 27.08, 视频编解码器: h264, 音频编解码器: mp2
分类: ☘️山东频道, 名称: 山东居家购物, 有效: 0, IPv4: 1, IPv6: 0, 最小延迟: 10889 ms, 最高速率: 0.01 M/s, 平均速率: 0.00 M/s, 最高分辨率: None, 平均帧率: 未知, 视频编解码器: 未知, 音频编解码器: 未知
分类: ☘️山东频道, 名称: 山东农科, 有效: 0, IPv4: 2, IPv6: 0, 最小延迟: 10702 ms, 最高速率: 0.01 M/s, 平均速率: 0.00 M/s, 最高分辨率: None, 平均帧率: 未知, 视频编解码器: 未知, 音频编解码器: 未知
分类: ☘️山东频道, 名称: 山东生活, 有效: 0, IPv4: 1, IPv6: 0, 最小延迟: -1 ms, 最高速率: 0.00 M/s, 平均速率: 0.00 M/s, 最高分辨率: None, 平均帧率: 未知, 视频编解码器: 未知, 音频编解码器: 未知
分类: ☘️山东频道, 名称: 山东齐鲁, 有效: 0, IPv4: 4, IPv6: 0, 最小延迟: 10244 ms, 最高速率: 0.20 M/s, 平均速率: 0.00 M/s, 最高分辨率: 1920x1080, 平均帧率: 25.00, 视频编解码器: h264, 音频编解码器: mp2
分类: ☘️山东频道, 名称: 山东公共, 有效: 0, IPv4: 1, IPv6: 0, 最小延迟: -1 ms, 最高速率: 0.00 M/s, 平均速率: 0.00 M/s, 最高分辨率: None, 平均帧率: 未知, 视频编解码器: 未知, 音频编解码器: 未知
分类: ☘️山东频道, 名称: 山东体育, 有效: 0, IPv4: 4, IPv6: 0, 最小延迟: 1711 ms, 最高速率: 0.15 M/s, 平均速率: 0.00 M/s, 最高分辨率: 1920x1080, 平均帧率: 50.00, 视频编解码器: h264, 音频编解码器: mp2
分类: ☘️山东频道, 名称: 山东影视, 有效: 0, IPv4: 2, IPv6: 0, 最小延迟: 3463 ms, 最高速率: 0.18 M/s, 平均速率: 0.00 M/s, 最高分辨率: 1920x1080, 平均帧率: 50.00, 视频编解码器: h264, 音频编解码器: mp2
分类: ☘️山东频道, 名称: 山东文旅, 有效: 0, IPv4: 1, IPv6: 0, 最小延迟: 10707 ms, 最高速率: 0.00 M/s, 平均速率: 0.00 M/s, 最高分辨率: None, 平均帧率: 未知, 视频编解码器: 未知, 音频编解码器: 未知
分类: ☘️山东频道, 名称: QTV-2, 有效: 0, IPv4: 1, IPv6: 0, 最小延迟: -1 ms, 最高速率: 0.00 M/s, 平均速率: 0.00 M/s, 最高分辨率: None, 平均帧率: 未知, 视频编解码器: 未知, 音频编解码器: 未知
分类: ☘️山东频道, 名称: 山东综艺, 有效: 0, IPv4: 4, IPv6: 0, 最小延迟: 1549 ms, 最高速率: 0.14 M/s, 平均速率: 0.00 M/s, 最高分辨率: 1920x1080, 平均帧率: 50.00, 视频编解码器: h264, 音频编解码器: mp2
分类: ☘️山东频道, 名称: 烟台公共, 有效: 0, IPv4: 1, IPv6: 0, 最小延迟: 10026 ms, 最高速率: 0.01 M/s, 平均速率: 0.00 M/s, 最高分辨率: None, 平均帧率: 未知, 视频编解码器: 未知, 音频编解码器: 未知
分类: ☘️山东频道, 名称: QTV-1, 有效: 0, IPv4: 2, IPv6: 0, 最小延迟: 10352 ms, 最高速率: 0.06 M/s, 平均速率: 0.00 M/s, 最高分辨率: None, 平均帧率: 未知, 视频编解码器: 未知, 音频编解码器: 未知
分类: ☘️山东频道, 名称: QTV-4, 有效: 0, IPv4: 2, IPv6: 0, 最小延迟: 10345 ms, 最高速率: 0.02 M/s, 平均速率: 0.00 M/s, 最高分辨率: None, 平均帧率: 未知, 视频编解码器: 未知, 音频编解码器: 未知
分类: ☘️山东频道, 名称: QTV-3, 有效: 0, IPv4: 2, IPv6: 0, 最小延迟: 10807 ms, 最高速率: 0.01 M/s, 平均速率: 0.00 M/s, 最高分辨率: 720x576, 平均帧率: 25.00, 视频编解码器: h264, 音频编解码器: aac
分类: ☘️山东频道, 名称: QTV-6, 有效: 0, IPv4: 1, IPv6: 0, 最小延迟: 10336 ms, 最高速率: 0.02 M/s, 平均速率: 0.00 M/s, 最高分辨率: 720x480, 平均帧率: 25.00, 视频编解码器: h264, 音频编解码器: aac
分类: ☘️山西频道, 名称: 山西文体, 有效: 1, IPv4: 1, IPv6: 0, 最小延迟: 10555 ms, 最高速率: 0.58 M/s, 平均速率: 0.58 M/s, 最高分辨率: 1920x1080, 平均帧率: 50.00, 视频编解码器: h264, 音频编解码器: aac
分类: ☘️山西频道, 名称: 山西法治, 有效: 1, IPv4: 1, IPv6: 0, 最小延迟: 10551 ms, 最高速率: 0.56 M/s, 平均速率: 0.56 M/s, 最高分辨率: 1920x1080, 平均帧率: 50.00, 视频编解码器: h264, 音频编解码器: mp2
分类: ☘️山西频道, 名称: 山西影视, 有效: 0, IPv4: 4, IPv6: 0, 最小延迟: 10126 ms, 最高速率: 0.48 M/s, 平均速率: 0.00 M/s, 最高分辨率: 1920x1080, 平均帧率: 37.50, 视频编解码器: h264, 音频编解码器: aac
分类: ☘️山西频道, 名称: 山西经济, 有效: 1, IPv4: 1, IPv6: 0, 最小延迟: 10284 ms, 最高速率: 0.56 M/s, 平均速率: 0.56 M/s, 最高分辨率: 1920x1080, 平均帧率: 50.00, 视频编解码器: h264, 音频编解码器: aac
分类: ☘️吉林频道, 名称: 吉林综艺, 有效: 0, IPv4: 2, IPv6: 0, 最小延迟: -1 ms, 最高速率: 0.00 M/s, 平均速率: 0.00 M/s, 最高分辨率: None, 平均帧率: 未知, 视频编解码器: 未知, 音频编解码器: 未知
分类: ☘️安徽频道, 名称: 安徽综艺体育, 有效: 0, IPv4: 1, IPv6: 0, 最小延迟: 10063 ms, 最高速率: 0.21 M/s, 平均速率: 0.00 M/s, 最高分辨率: 720x576, 平均帧率: 25.00, 视频编解码器: mpeg2video, 音频编解码器: mp2
分类: ☘️吉林频道, 名称: 吉林影视, 有效: 0, IPv4: 1, IPv6: 0, 最小延迟: -1 ms, 最高速率: 0.00 M/s, 平均速率: 0.00 M/s, 最高分辨率: None, 平均帧率: 未知, 视频编解码器: 未知, 音频编解码器: 未知
分类: ☘️吉林频道, 名称: 吉林生活, 有效: 1, IPv4: 1, IPv6: 0, 最小延迟: 1614 ms, 最高速率: 0.42 M/s, 平均速率: 0.42 M/s, 最高分辨率: 1280x720, 平均帧率: 60.00, 视频编解码器: h264, 音频编解码器: aac
分类: ☘️安徽频道, 名称: 安徽经济生活, 有效: 0, IPv4: 1, IPv6: 0, 最小延迟: 10276 ms, 最高速率: 0.26 M/s, 平均速率: 0.00 M/s, 最高分辨率: 720x576, 平均帧率: 25.00, 视频编解码器: mpeg2video, 音频编解码器: mp2
分类: ☘️安徽频道, 名称: 安徽影视, 有效: 0, IPv4: 1, IPv6: 0, 最小延迟: 10844 ms, 最高速率: 0.26 M/s, 平均速率: 0.00 M/s, 最高分辨率: 720x576, 平均帧率: 25.00, 视频编解码器: mpeg2video, 音频编解码器: mp2
分类: ☘️吉林频道, 名称: 吉林乡村, 有效: 0, IPv4: 2, IPv6: 0, 最小延迟: -1 ms, 最高速率: 0.00 M/s, 平均速率: 0.00 M/s, 最高分辨率: None, 平均帧率: 未知, 视频编解码器: 未知, 音频编解码器: 未知
分类: ☘️吉林频道, 名称: 吉林都市, 有效: 1, IPv4: 3, IPv6: 0, 最小延迟: 416 ms, 最高速率: 1.09 M/s, 平均速率: 1.09 M/s, 最高分辨率: 1280x720, 平均帧率: 25.00, 视频编解码器: h264, 音频编解码器: aac
分类: ☘️吉林频道, 名称: 长影频道, 有效: 0, IPv4: 1, IPv6: 0, 最小延迟: -1 ms, 最高速率: 0.00 M/s, 平均速率: 0.00 M/s, 最高分辨率: None, 平均帧率: 未知, 视频编解码器: 未知, 音频编解码器: 未知
分类: ☘️吉林频道, 名称: 松原, 有效: 0, IPv4: 1, IPv6: 0, 最小延迟: -1 ms, 最高速率: 0.00 M/s, 平均速率: 0.00 M/s, 最高分辨率: None, 平均帧率: 未知, 视频编解码器: 未知, 音频编解码器: 未知
分类: ☘️吉林频道, 名称: 松原公共, 有效: 0, IPv4: 1, IPv6: 0, 最小延迟: 10178 ms, 最高速率: 0.01 M/s, 平均速率: 0.00 M/s, 最高分辨率: None, 平均帧率: 未知, 视频编解码器: 未知, 音频编解码器: 未知
分类: ☘️黑龙江频道, 名称: 黑龙江文体, 有效: 0, IPv4: 2, IPv6: 0, 最小延迟: 7066 ms, 最高速率: 0.30 M/s, 平均速率: 0.00 M/s, 最高分辨率: 720x576, 平均帧率: 25.00, 视频编解码器: mpeg2video, 音频编解码器: mp2
分类: ☘️吉林频道, 名称: 吉林教育, 有效: 0, IPv4: 3, IPv6: 0, 最小延迟: 10010 ms, 最高速率: 0.38 M/s, 平均速率: 0.00 M/s, 最高分辨率: 1920x1080, 平均帧率: 50.00, 视频编解码器: h264, 音频编解码器: mp2
分类: ☘️黑龙江频道, 名称: 黑龙江新闻法治, 有效: 0, IPv4: 2, IPv6: 0, 最小延迟: 8369 ms, 最高速率: 0.31 M/s, 平均速率: 0.00 M/s, 最高分辨率: 720x576, 平均帧率: 25.00, 视频编解码器: mpeg2video, 音频编解码器: mp2
分类: ☘️黑龙江频道, 名称: 黑龙江影视, 有效: 0, IPv4: 2, IPv6: 0, 最小延迟: 10102 ms, 最高速率: 0.27 M/s, 平均速率: 0.00 M/s, 最高分辨率: 720x576, 平均帧率: 25.00, 视频编解码器: mpeg2video, 音频编解码器: mp2
分类: ☘️黑龙江频道, 名称: 黑龙江都市, 有效: 0, IPv4: 2, IPv6: 0, 最小延迟: 5795 ms, 最高速率: 0.26 M/s, 平均速率: 0.00 M/s, 最高分辨率: 720x576, 平均帧率: 25.00, 视频编解码器: mpeg2video, 音频编解码器: mp2
分类: ☘️江西频道, 名称: 江西少儿, 有效: 0, IPv4: 1, IPv6: 0, 最小延迟: 2806 ms, 最高速率: 0.05 M/s, 平均速率: 0.00 M/s, 最高分辨率: 1920x1080, 平均帧率: 50.00, 视频编解码器: h264, 音频编解码器: mp2
分类: ☘️江西频道, 名称: 江西新闻, 有效: 1, IPv4: 2, IPv6: 0, 最小延迟: 472 ms, 最高速率: 1.11 M/s, 平均速率: 1.11 M/s, 最高分辨率: 1920x1080, 平均帧率: 27.50, 视频编解码器: h264, 音频编解码器: aac
分类: ☘️黑龙江频道, 名称: 黑龙江少儿, 有效: 0, IPv4: 2, IPv6: 0, 最小延迟: 7389 ms, 最高速率: 0.27 M/s, 平均速率: 0.00 M/s, 最高分辨率: 720x576, 平均帧率: 25.00, 视频编解码器: mpeg2video, 音频编解码器: mp2
分类: 🌊港·澳·台, 名称: 翡翠台, 有效: 0, IPv4: 11, IPv6: 0, 最小延迟: 6854 ms, 最高速率: 0.30 M/s, 平均速率: 0.00 M/s, 最高分辨率: 1920x1080, 平均帧率: 35.71, 视频编解码器: h264, 音频编解码器: mp2
分类: 🌊港·澳·台, 名称: 明珠台, 有效: 0, IPv4: 5, IPv6: 0, 最小延迟: 10088 ms, 最高速率: 0.34 M/s, 平均速率: 0.00 M/s, 最高分辨率: 1920x1080, 平均帧率: 41.67, 视频编解码器: h264, 音频编解码器: mp2
分类: 🌊港·澳·台, 名称: 凤凰中文, 有效: 1, IPv4: 27, IPv6: 0, 最小延迟: 3648 ms, 最高速率: 0.76 M/s, 平均速率: 0.76 M/s, 最高分辨率: 1920x1080, 平均帧率: 32.14, 视频编解码器: mpeg2video, 音频编解码器: mp2
分类: 🌊港·澳·台, 名称: 凤凰香港, 有效: 0, IPv4: 1, IPv6: 0, 最小延迟: 10035 ms, 最高速率: 0.36 M/s, 平均速率: 0.00 M/s, 最高分辨率: None, 平均帧率: 未知, 视频编解码器: 未知, 音频编解码器: 未知
分类: 🌊港·澳·台, 名称: 凤凰资讯, 有效: 0, IPv4: 38, IPv6: 0, 最小延迟: 492 ms, 最高速率: 0.50 M/s, 平均速率: 0.00 M/s, 最高分辨率: 1920x1080, 平均帧率: 37.50, 视频编解码器: h264, 音频编解码器: mp2
分类: 🌊港·澳·台, 名称: 凤凰卫视, 有效: 0, IPv4: 21, IPv6: 0, 最小延迟: 10051 ms, 最高速率: 0.06 M/s, 平均速率: 0.00 M/s, 最高分辨率: 720x576, 平均帧率: 50.00, 视频编解码器: h264, 音频编解码器: mp2
分类: 🎬数字频道, 名称: CHC动作电影, 有效: 1, IPv4: 11, IPv6: 0, 最小延迟: 10220 ms, 最高速率: 0.50 M/s, 平均速率: 0.50 M/s, 最高分辨率: 1920x1080, 平均帧率: 41.67, 视频编解码器: h264, 音频编解码器: mp2
分类: 🎬数字频道, 名称: CHC高清电影, 有效: 0, IPv4: 2, IPv6: 0, 最小延迟: 3375 ms, 最高速率: 0.49 M/s, 平均速率: 0.00 M/s, 最高分辨率: 1920x1080, 平均帧率: 50.00, 视频编解码器: h264, 音频编解码器: aac
分类: 🎬数字频道, 名称: CHC家庭影院, 有效: 0, IPv4: 9, IPv6: 0, 最小延迟: 3959 ms, 最高速率: 0.13 M/s, 平均速率: 0.00 M/s, 最高分辨率: 1920x1080, 平均帧率: 50.00, 视频编解码器: h264, 音频编解码器: mp2
分类: 🎬数字频道, 名称: 中华特产, 有效: 0, IPv4: 1, IPv6: 0, 最小延迟: 10354 ms, 最高速率: 0.05 M/s, 平均速率: 0.00 M/s, 最高分辨率: None, 平均帧率: 未知, 视频编解码器: 未知, 音频编解码器: 未知
分类: 🎬数字频道, 名称: 中国气象, 有效: 0, IPv4: 1, IPv6: 0, 最小延迟: -1 ms, 最高速率: 0.00 M/s, 平均速率: 0.00 M/s, 最高分辨率: None, 平均帧率: 未知, 视频编解码器: 未知, 音频编解码器: 未知
分类: 🎬数字频道, 名称: 中国交通, 有效: 0, IPv4: 6, IPv6: 0, 最小延迟: 10071 ms, 最高速率: 0.35 M/s, 平均速率: 0.00 M/s, 最高分辨率: 1920x1080, 平均帧率: 43.75, 视频编解码器: h264, 音频编解码器: mp2
分类: 🎬数字频道, 名称: 乐游, 有效: 0, IPv4: 4, IPv6: 0, 最小延迟: 10584 ms, 最高速率: 0.03 M/s, 平均速率: 0.00 M/s, 最高分辨率: 1920x1080, 平均帧率: 25.00, 视频编解码器: h264, 音频编解码器: mp2
分类: 🎬数字频道, 名称: 书画频道, 有效: 0, IPv4: 3, IPv6: 0, 最小延迟: 2298 ms, 最高速率: 0.52 M/s, 平均速率: 0.00 M/s, 最高分辨率: 720x576, 平均帧率: 25.00, 视频编解码器: h264, 音频编解码器: aac
分类: 🎬数字频道, 名称: 优优宝贝, 有效: 0, IPv4: 1, IPv6: 0, 最小延迟: 10488 ms, 最高速率: 0.01 M/s, 平均速率: 0.00 M/s, 最高分辨率: None, 平均帧率: 未知, 视频编解码器: 未知, 音频编解码器: 未知
分类: 🎬数字频道, 名称: 动漫秀场, 有效: 0, IPv4: 2, IPv6: 0, 最小延迟: 10977 ms, 最高速率: 0.10 M/s, 平均速率: 0.00 M/s, 最高分辨率: None, 平均帧率: 未知, 视频编解码器: 未知, 音频编解码器: 未知
分类: 🎬数字频道, 名称: 劲爆体育, 有效: 2, IPv4: 4, IPv6: 0, 最小延迟: 3364 ms, 最高速率: 0.95 M/s, 平均速率: 0.87 M/s, 最高分辨率: 1920x1080, 平均帧率: 25.00, 视频编解码器: h264, 音频编解码器: aac
分类: 🎬数字频道, 名称: 北京卡酷少儿, 有效: 5, IPv4: 37, IPv6: 0, 最小延迟: 644 ms, 最高速率: 4.10 M/s, 平均速率: 1.45 M/s, 最高分辨率: 1920x1080, 平均帧率: 33.33, 视频编解码器: h264, 音频编解码器: aac
分类: 🎬数字频道, 名称: 四海钓鱼, 有效: 2, IPv4: 2, IPv6: 0, 最小延迟: 3466 ms, 最高速率: 0.95 M/s, 平均速率: 0.86 M/s, 最高分辨率: 1920x1080, 平均帧率: 25.00, 视频编解码器: h264, 音频编解码器: aac
分类: 🎬数字频道, 名称: 国学频道, 有效: 0, IPv4: 2, IPv6: 0, 最小延迟: 10337 ms, 最高速率: 0.08 M/s, 平均速率: 0.00 M/s, 最高分辨率: 720x576, 平均帧率: 25.00, 视频编解码器: h264, 音频编解码器: mp2
分类: 🎬数字频道, 名称: 哈哈炫动, 有效: 0, IPv4: 25, IPv6: 0, 最小延迟: 1516 ms, 最高速率: 0.27 M/s, 平均速率: 0.00 M/s, 最高分辨率: 720x576, 平均帧率: 33.33, 视频编解码器: h264, 音频编解码器: aac
分类: 🎬数字频道, 名称: 快乐垂钓, 有效: 2, IPv4: 9, IPv6: 0, 最小延迟: 2381 ms, 最高速率: 1.02 M/s, 平均速率: 0.88 M/s, 最高分辨率: 1920x1080, 平均帧率: 31.25, 视频编解码器: h264, 音频编解码器: aac
分类: 🎬数字频道, 名称: 文物宝库, 有效: 0, IPv4: 3, IPv6: 0, 最小延迟: -1 ms, 最高速率: 0.00 M/s, 平均速率: 0.00 M/s, 最高分辨率: None, 平均帧率: 未知, 视频编解码器: 未知, 音频编解码器: 未知
分类: 🎬数字频道, 名称: 早期教育, 有效: 0, IPv4: 2, IPv6: 0, 最小延迟: -1 ms, 最高速率: 0.00 M/s, 平均速率: 0.00 M/s, 最高分辨率: None, 平均帧率: 未知, 视频编解码器: 未知, 音频编解码器: 未知
分类: 🎬数字频道, 名称: 新视觉, 有效: 0, IPv4: 2, IPv6: 0, 最小延迟: 8996 ms, 最高速率: 0.43 M/s, 平均速率: 0.00 M/s, 最高分辨率: 1920x1080, 平均帧率: 50.00, 视频编解码器: h264, 音频编解码器: aac
分类: 🎬数字频道, 名称: 发现之旅, 有效: 0, IPv4: 1, IPv6: 0, 最小延迟: 10500 ms, 最高速率: 0.02 M/s, 平均速率: 0.00 M/s, 最高分辨率: None, 平均帧率: 未知, 视频编解码器: 未知, 音频编解码器: 未知
分类: 🎬数字频道, 名称: 法治天地, 有效: 0, IPv4: 18, IPv6: 0, 最小延迟: 10339 ms, 最高速率: 0.38 M/s, 平均速率: 0.00 M/s, 最高分辨率: 1920x1080, 平均帧率: 50.00, 视频编解码器: h264, 音频编解码器: aac
分类: 🎬数字频道, 名称: 新动漫, 有效: 0, IPv4: 2, IPv6: 0, 最小延迟: 10466 ms, 最高速率: 0.00 M/s, 平均速率: 0.00 M/s, 最高分辨率: None, 平均帧率: 未知, 视频编解码器: 未知, 音频编解码器: 未知
分类: 🎬数字频道, 名称: 欢笑剧场, 有效: 2, IPv4: 4, IPv6: 0, 最小延迟: 2950 ms, 最高速率: 0.66 M/s, 平均速率: 0.59 M/s, 最高分辨率: 1920x1080, 平均帧率: 25.00, 视频编解码器: h264, 音频编解码器: aac
分类: 🎬数字频道, 名称: 武术世界, 有效: 0, IPv4: 7, IPv6: 0, 最小延迟: 2188 ms, 最高速率: 0.38 M/s, 平均速率: 0.00 M/s, 最高分辨率: 1920x1080, 平均帧率: 25.00, 视频编解码器: h264, 音频编解码器: aac
分类: 🎬数字频道, 名称: 求索纪录, 有效: 0, IPv4: 1, IPv6: 0, 最小延迟: 10581 ms, 最高速率: 0.02 M/s, 平均速率: 0.00 M/s, 最高分辨率: None, 平均帧率: 未知, 视频编解码器: 未知, 音频编解码器: 未知
分类: 🎬数字频道, 名称: 法制天地, 有效: 2, IPv4: 6, IPv6: 0, 最小延迟: 2851 ms, 最高速率: 0.75 M/s, 平均速率: 0.72 M/s, 最高分辨率: 1920x1080, 平均帧率: 25.00, 视频编解码器: h264, 音频编解码器: aac
分类: 🎬数字频道, 名称: 游戏风云, 有效: 2, IPv4: 19, IPv6: 0, 最小延迟: 2806 ms, 最高速率: 0.65 M/s, 平均速率: 0.64 M/s, 最高分辨率: 1920x1080, 平均帧率: 25.00, 视频编解码器: h264, 音频编解码器: aac
分类: 🎬数字频道, 名称: 环球奇观, 有效: 0, IPv4: 2, IPv6: 0, 最小延迟: 10363 ms, 最高速率: 0.09 M/s, 平均速率: 0.00 M/s, 最高分辨率: 720x576, 平均帧率: 25.00, 视频编解码器: h264, 音频编解码器: mp2
分类: 🎬数字频道, 名称: 现代教育, 有效: 0, IPv4: 2, IPv6: 0, 最小延迟: 5962 ms, 最高速率: 0.24 M/s, 平均速率: 0.00 M/s, 最高分辨率: 720x576, 平均帧率: 25.00, 视频编解码器: h264, 音频编解码器: aac
分类: 🎬数字频道, 名称: 生活时尚, 有效: 2, IPv4: 5, IPv6: 0, 最小延迟: 2997 ms, 最高速率: 0.82 M/s, 平均速率: 0.74 M/s, 最高分辨率: 1920x1080, 平均帧率: 25.00, 视频编解码器: h264, 音频编解码器: aac
分类: 🎬数字频道, 名称: 精彩影视, 有效: 1, IPv4: 3, IPv6: 0, 最小延迟: 3463 ms, 最高速率: 0.52 M/s, 平均速率: 0.52 M/s, 最高分辨率: 1920x1080, 平均帧率: 25.00, 视频编解码器: h264, 音频编解码器: aac
分类: 🎬数字频道, 名称: 上海纪实高清, 有效: 0, IPv4: 2, IPv6: 0, 最小延迟: 10015 ms, 最高速率: 0.14 M/s, 平均速率: 0.00 M/s, 最高分辨率: 1920x1080, 平均帧率: 25.00, 视频编解码器: h264, 音频编解码器: mp2
分类: 🎬数字频道, 名称: 纪实科教, 有效: 0, IPv4: 2, IPv6: 0, 最小延迟: 10084 ms, 最高速率: 0.36 M/s, 平均速率: 0.00 M/s, 最高分辨率: 1920x1080, 平均帧率: 37.50, 视频编解码器: h264, 音频编解码器: aac
分类: 🎬数字频道, 名称: 足球频道, 有效: 0, IPv4: 4, IPv6: 0, 最小延迟: -1 ms, 最高速率: 0.00 M/s, 平均速率: 0.00 M/s, 最高分辨率: None, 平均帧率: 未知, 视频编解码器: 未知, 音频编解码器: 未知
分类: 🎬数字频道, 名称: 财富天下, 有效: 0, IPv4: 8, IPv6: 0, 最小延迟: 6149 ms, 最高速率: 0.27 M/s, 平均速率: 0.00 M/s, 最高分辨率: 720x576, 平均帧率: 33.33, 视频编解码器: h264, 音频编解码器: mp2
分类: 🎬数字频道, 名称: 金鹰纪实, 有效: 0, IPv4: 19, IPv6: 0, 最小延迟: 1095 ms, 最高速率: 0.29 M/s, 平均速率: 0.00 M/s, 最高分辨率: 1920x1080, 平均帧率: 44.44, 视频编解码器: h264, 音频编解码器: aac
分类: 🎬数字频道, 名称: 金色学堂, 有效: 0, IPv4: 4, IPv6: 0, 最小延迟: 10475 ms, 最高速率: 0.34 M/s, 平均速率: 0.00 M/s, 最高分辨率: 1920x1080, 平均帧率: 50.00, 视频编解码器: h264, 音频编解码器: aac
分类: 🎬数字频道, 名称: 金鹰卡通, 有效: 4, IPv4: 86, IPv6: 0, 最小延迟: 1250 ms, 最高速率: 1.05 M/s, 平均速率: 0.76 M/s, 最高分辨率: 1920x1080, 平均帧率: 38.57, 视频编解码器: h264, 音频编解码器: mp2
分类: 🎬数字频道, 名称: 茶频道, 有效: 0, IPv4: 5, IPv6: 0, 最小延迟: 10617 ms, 最高速率: 0.43 M/s, 平均速率: 0.00 M/s, 最高分辨率: 1920x1080, 平均帧率: 50.00, 视频编解码器: h264, 音频编解码器: aac
分类: 🏀体育频道, 名称: 五星体育, 有效: 0, IPv4: 3, IPv6: 0, 最小延迟: 8122 ms, 最高速率: 0.08 M/s, 平均速率: 0.00 M/s, 最高分辨率: 1920x1080, 平均帧率: 25.00, 视频编解码器: h264, 音频编解码器: mp2
分类: 🏀体育频道, 名称: 睛彩篮球, 有效: 0, IPv4: 1, IPv6: 0, 最小延迟: -1 ms, 最高速率: 0.00 M/s, 平均速率: 0.00 M/s, 最高分辨率: None, 平均帧率: 未知, 视频编解码器: 未知, 音频编解码器: 未知
分类: 🏀体育频道, 名称: 天津体育, 有效: 2, IPv4: 3, IPv6: 0, 最小延迟: 2291 ms, 最高速率: 0.82 M/s, 平均速率: 0.80 M/s, 最高分辨率: 1920x1080, 平均帧率: 50.00, 视频编解码器: h264, 音频编解码器: aac
分类: 🏀体育频道, 名称: 辽宁体育, 有效: 0, IPv4: 1, IPv6: 0, 最小延迟: 10741 ms, 最高速率: 0.04 M/s, 平均速率: 0.00 M/s, 最高分辨率: None, 平均帧率: 未知, 视频编解码器: 未知, 音频编解码器: 未知
分类: 🪁动画频道, 名称: 宝宝动画, 有效: 0, IPv4: 1, IPv6: 0, 最小延迟: 10342 ms, 最高速率: 0.17 M/s, 平均速率: 0.00 M/s, 最高分辨率: 1920x1080, 平均帧率: 25.00, 视频编解码器: h264, 音频编解码器: aac
分类: 🪁动画频道, 名称: 少儿动画, 有效: 0, IPv4: 6, IPv6: 0, 最小延迟: 3132 ms, 最高速率: 0.39 M/s, 平均速率: 0.00 M/s, 最高分辨率: 1920x1080, 平均帧率: 25.00, 视频编解码器: h264, 音频编解码器: mp2
分类: ☘️港澳台频道, 名称: ChannelV, 有效: 0, IPv4: 1, IPv6: 0, 最小延迟: 10867 ms, 最高速率: 0.08 M/s, 平均速率: 0.00 M/s, 最高分辨率: 720x576, 平均帧率: 50.00, 视频编解码器: h264, 音频编解码器: mp2
分类: 🪁动画频道, 名称: 河北少儿科教, 有效: 0, IPv4: 11, IPv6: 0, 最小延迟: 10263 ms, 最高速率: 0.06 M/s, 平均速率: 0.00 M/s, 最高分辨率: 1920x1080, 平均帧率: 50.00, 视频编解码器: h264, 音频编解码器: aac
分类: ☘️港澳台频道, 名称: 澳亚卫视, 有效: 0, IPv4: 1, IPv6: 0, 最小延迟: -1 ms, 最高速率: 0.00 M/s, 平均速率: 0.00 M/s, 最高分辨率: None, 平均帧率: 未知, 视频编解码器: 未知, 音频编解码器: 未知
分类: ☘️港澳台频道, 名称: 天映, 有效: 0, IPv4: 4, IPv6: 0, 最小延迟: 5626 ms, 最高速率: 0.42 M/s, 平均速率: 0.00 M/s, 最高分辨率: 1920x1080, 平均帧率: 25.00, 视频编解码器: mpeg2video, 音频编解码器: mp2
